[www.squeeze-template.com/index.html]
[backblue.gif]
[fade.gif]
[index.html]
[www.squeeze-template.com/public/assets/manifest.json]
[www.squeeze-template.com/public/assets/css/common.css]
[www.squeeze-template.com/public/assets/css/home.css]
[pagead2.googlesyndication.com/pagead/js/fff04.txt]
[www.squeeze-template.com/public/assets/images/favicon.ico]
[blogger.googleusercontent.com/img/b/R29vZ2xl/AVvXsEj5ViOjXtHGOvaZsj1kVQfYStVrZcAr5KAIPoQYkw6/h106/SqueezeLogo.png]
[www.squeeze-template.com/documentation.html]
[www.squeeze-template.com/faq.html]
[www.squeeze-template.com/updates.html]
[www.squeeze-template.com/clients.html]
[www.squeeze-template.com/free.html]
[www.squeeze-template.com/merger.html]
[draft.blogger.com/img/blogger-logotype-color-black-1x.png]
[2.bp.blogspot.com/-_2vaXVh6ez0/Wxcc2Rd5nFI/AAAAAAAAAUU/IwL1dspVpQcbcCq3dMHhP3exjbiskheqACLcBGAs/s320/flag.png]
[www.squeeze-template.com/about.html]
[www.squeeze-template.com/privacy.html]
[www.squeeze-template.com/public/assets/js/common.js]
[www.squeeze-template.com/index.html]
[www.squeeze-template.com/public/assets/js/home.js]
[cdnjs.cloudflare.com/ajax/libs/jquery/1.9.1/jquery.min.js]
[1.bp.blogspot.com/-A_WKzho7RlE/W8aEtWTnoUI/AAAAAAAAAjg/YN3lhhpj5qU3Z5Ylff8AxJO1zi6OcgswgCK4BGAYYCw/s1600/toast-icons.png]
[1.bp.blogspot.com/-g3uOzVFr-oU/XhEhYF4F1VI/AAAAAAAABEA/pktkciTdqh0Pb5YnidKsUtyDLm8Z3W2mwCK4BGAYYCw/s1600/links icons.png]
[2.bp.blogspot.com/-N9McEoOofdk/XgZMtbYI1gI/AAAAAAAABAk/oWcIPDsj8K8hoQ09XjtsDxRQbXMEf8ZlgCK4BGAYYCw/s1600/header icons.png]
[2.bp.blogspot.com/-vA2G8gGsxzo/Xgtp8QxDqwI/AAAAAAAABBs/0gBhWjv0EKoxlFaQqssuDtM4jJTcXNNwQCK4BGAYYCw/s1600/social-icons.png]
[1.bp.blogspot.com/-KELONC6a8xc/W29SxSE2uXI/AAAAAAAAAaY/iGgg761W1bETz4mUubC-kyPDX49igUAeQCK4BGAYYCw/s1600/messenger.png]
[www.squeeze-template.com/public/assets/css/common.css]
[3.bp.blogspot.com/-WtJI3xD8kEY/Wq5ho_O-qaI/AAAAAAAAANo/2Il7gCHOVzUl3GzbM-dz0iB9osQLQP82QCLcBGAs/s1600/intro.jpg]
[3.bp.blogspot.com/-5yqfQr_sy9k/WmTOVw3xj9I/AAAAAAAAADw/XwVm5cqIdVstZE94db9LxDLJkVJln10XgCLcBGAs/s1600/Icons.png]
[3.bp.blogspot.com/-utcbZKnbVZc/XgtkP15WioI/AAAAAAAABBg/fdJUQAvGmE4-PuMcjE89Q1k-EVi-veyMwCK4BGAYYCw/s1600/landing.png]
[i.ibb.co/s9gkvJJ/qawalleb.png]
[i.ibb.co/3B2Hd7V/image.png]
[1.bp.blogspot.com/-p26o0E6gJU8/W8n8blh3HUI/AAAAAAAAAjs/hfdz2wEntIQ-6J10HWLeARk7P59ojhz0wCK4BGAYYCw/s1600/paypal-but.png]
[www.squeeze-template.com/public/assets/css/home.css]
[www.squeeze-template.com/public/assets/css/documentation.css]
[blogger.googleusercontent.com/img/b/R29vZ2xl/AVvXsEhqy1sRtT8rnqdo2x-aDamM-dhLiKJIZY6xY7VBbBL/s1600-e360/install1.png]
[blogger.googleusercontent.com/img/b/R29vZ2xl/AVvXsEgoCq_e1BJk64_pto-NYHEdIcOECXdJnqARiJS_jKM/s1600-e360/install2.png]
[blogger.googleusercontent.com/img/b/R29vZ2xl/AVvXsEjFWQijVK0JlHZra-Zd7sVCkEMUplLMYyyzvl3N9BS/s1600-e360/install3.png]
[blogger.googleusercontent.com/img/b/R29vZ2xl/AVvXsEjgMT48gwre7O_1gPfOSBBkS9Xv_cCNenuKmFmeWNc/s1600-e360/install4.png]
[blogger.googleusercontent.com/img/b/R29vZ2xl/AVvXsEiHsGV2wZChbFmbX9uDseXCO2tC8u7HpFoxwZOfXyh/s1600-e360/activation.png]
[blogger.googleusercontent.com/img/b/R29vZ2xl/AVvXsEibJfMchpBH7LsHp2xjARmrhcf9YGX-6K1kbJv0fNE/s1600-e360/metatag.png]
[blogger.googleusercontent.com/img/b/R29vZ2xl/AVvXsEhs1KUWEa1w2vE42j813nY1UmuHJRSPEZXAyIMhLgl/s1600-e360/Settings.png]
[blogger.googleusercontent.com/img/b/R29vZ2xl/AVvXsEhTfNje4-ogGINXmP-ilxl-bkyLjJOGVvyzKEUvcYi/s1600-e360/customize.png]
[blogger.googleusercontent.com/img/b/R29vZ2xl/AVvXsEhKcqq0_ePKinN4y3CfJBjH3Iw7RJh0UsxLJwdsw7Q/s1600-e360/social1.png]
[blogger.googleusercontent.com/img/b/R29vZ2xl/AVvXsEgPAZooNs2Tlw7Q33wpmU7MLRkTL8VN6f2NbDoEn6f/s1600-e360/menu.png]
[blogger.googleusercontent.com/img/b/R29vZ2xl/AVvXsEhZa8KLoa0oKASmslOqVjuDD2rrGEDXJ1gFR-wdjTR/s1600-e360/intro.png]
[blogger.googleusercontent.com/img/b/R29vZ2xl/AVvXsEgsHdKvrKcXnjT6ZYBXZAQ2lnNgVbJinj4Ukdcbwsy/s1600-e360/categories1.png]
[blogger.googleusercontent.com/img/b/R29vZ2xl/AVvXsEh3FaSxIzgEpPJjSxFccTS080PUYsdtcFq5ixZ_kto/s1600-e360/categories2.png]
[blogger.googleusercontent.com/img/b/R29vZ2xl/AVvXsEj91sU31vWGw_flqfQwoi_hT9VJbnry_8Lzy_09j04/s1600-e360/side&footer.png]
[blogger.googleusercontent.com/img/b/R29vZ2xl/AVvXsEiGKSJiK-jUAqHhJHXFwIGl_aIlIpyBSEr1kBMyFqQOw0ms9cZF94XqTE2HP7Q6jYq3MJDiw0nIbgkKn9IOFkGhWGF0RmhgQ8OZ584xADMJTgB7YLRY-tBdSBXkL55JyzLwG0kgyDnEJeY/s1600-e360/SOC.png]
[blogger.googleusercontent.com/img/b/R29vZ2xl/AVvXsEg8iatafYh1WQLjDwP-GKNvvLL8UhELx_Tx87VqUbH8GgrkVrKQmXw8k1Ti-OirVa5CQF_lMJkjPCUQbBIOif1Ap5EA5erAG53kJjLLHcENbYEuw0vRfKQj7p4sNmp6yE-RPM70XxksxZE/s1600-e360/GAL.png]
[blogger.googleusercontent.com/img/b/R29vZ2xl/AVvXsEjccaXkDAE8kITk6Jz8TmY4xMpPDiSNpt3QzyV7HlnAeKVLPtETn2m-i5-RvCpILYloZdFeNEYh9eEVb901ayfz6tye3EXEwrhCIKhnP3c6D_LSjaTRZmv5QgHisUbxbOCkDrHsoj8vmgI/s1600-e360/ACC.png]
[blogger.googleusercontent.com/img/b/R29vZ2xl/AVvXsEjHL7GiDy6WMKZLjxUBcoFdSVJ8psyTEL7Z2YzD1-Z/s1600-e360/authors.png]
[blogger.googleusercontent.com/img/b/R29vZ2xl/AVvXsEhHpxNCN5LDsAKjIO2aK9wxb0OEZneWNbxiyWjQyQR/s1600-e360/authors2.png]
[blogger.googleusercontent.com/img/b/R29vZ2xl/AVvXsEg-oGTw99Ps1fYB07ShkD7RgS3nuCQRfo8TJOisb8T/s1600-e360/authors2(2).png]
[blogger.googleusercontent.com/img/b/R29vZ2xl/AVvXsEgrT_00I3IaVnI5z8r1cYNbURV01pSx18LJ11yDbCc/s1600-e360/shortcodes.png]
[www.squeeze-template.com/_https_/www.youtube.com/embed/ub7IC3uiNk8_.34.delayed]
[blogger.googleusercontent.com/img/b/R29vZ2xl/AVvXsEgBBU3LJUlWCqRZZBE_31xqETiZDEm8dP1WP-xyHJ0/s1600-e360/lang1.png]
[blogger.googleusercontent.com/img/b/R29vZ2xl/AVvXsEgwQFCYq2ORksZ6eFfB0phonL1r0cXBHxBeD8Q4ZXQ/s1600-e360/lang2.png]
[blogger.googleusercontent.com/img/b/R29vZ2xl/AVvXsEjT0W9S0GwXKiI5rqjUWxF-IGDdI8d5ABC_GSq735n/s1600-e360/lang3.png]
[www.squeeze-template.com/documentation.html]
[www.squeeze-template.com/public/assets/js/documentation.js]
[www.squeeze-template.com/public/assets/css/faq.css]
[u.cubeupload.com/SqueezeTemplate/Layout.png]
[www.squeeze-template.com/public/assets/js/faq.js]
[www.squeeze-template.com/faq.html]
[www.squeeze-template.com/public/assets/css/updates.css]
[www.squeeze-template.com/updates.html]
[www.squeeze-template.com/public/assets/js/updates.js]
[www.squeeze-template.com/public/assets/css/clients.css]
[1.bp.blogspot.com/-l_zwh_uXc1s/W7l2IPuBFWI/AAAAAAAAAgs/kNmu5pYsPtgvPcpg1Wn6cZp6A2gpQX45ACK4BGAYYCw/s1600/loading.gif]
[1.bp.blogspot.com/-4VBz_2OKQhA/W8UzkFk1zVI/AAAAAAAAAi8/qGz9tz6n0FEU1RXpo71u_KoKAgDVizTjgCK4BGAYYCw/s1600/google sign.png]
[www.gstatic.com/firebasejs/8.1.1/firebase-app.js]
[www.gstatic.com/firebasejs/8.1.1/firebase-auth.js]
[www.squeeze-template.com/clients.html]
[www.squeeze-template.com/public/assets/js/clients.js]
[www.squeeze-template.com/public/assets/css/free.css]
[www.squeeze-template.com/SqueezeFree.txt]
[blogger.googleusercontent.com/img/b/R29vZ2xl/AVvXsEjM_tqM1himBOyU8CAJY-U65sm7ZX9HgQN8C6x00NX/s1600/google sign.png]
[www.gstatic.com/firebasejs/8.1.1/firebase-database.js]
[apis.google.com/js/client.js]
[www.squeeze-template.com/free.html]
[www.squeeze-template.com/public/assets/js/free.js]
[www.squeeze-template.com/public/assets/css/merger.css]
[www.squeeze-template.com/merger.html]
[www.squeeze-template.com/public/assets/js/merger.js]
[www.squeeze-template.com/public/assets/css/about.css]
[www.squeeze-template.com/public/assets/js/about.js]
[www.squeeze-template.com/about.html]
[www.squeeze-template.com/public/assets/css/privacy.css]
[www.squeeze-template.com/contact]
[www.squeeze-template.com/public/assets/js/privacy.js]
[www.squeeze-template.com/privacy.html]
[1.bp.blogspot.com/-KRYCeepBTbI/X2inacNRlnI/AAAAAAAABaM/C5M6KArgEUYyER0pvBsmlajI1H5qDqUTwCK4BGAYYCw/s1600-e360/tabs.jpg]
[4.bp.blogspot.com/-juHRw5A23UU/X2jH7sg_EII/AAAAAAAABbo/Fhi80UyzHg0UN3GshnUtzYuRX0fbwbw4wCK4BGAYYCw/s1600/buttons.png]
[1.bp.blogspot.com/-xW4PEHJY3wE/WmTOZXB2smI/AAAAAAAAAEc/nnrEf_-luzgFMY_PqNW4_8n-v2QMAYJ7wCLcBGAs/s1600-e360/cates.png]
[1.bp.blogspot.com/-A_WKzho7RlE/W8aEtWTnoUI/AAAAAAAAAjg/YN3lhhpj5qU3Z5Ylff8AxJO1zi6OcgswgCK4BGAYYCw/s1600-e360/toast-icons.png]
[www.squeeze-template.com/public/assets/css/documentation.css]
[www.squeeze-template.com/_https_/www.youtube.com/embed/ub7IC3uiNk8_.html]
[www.squeeze-template.com/public/assets/css/faq.css]
[www.squeeze-template.com/public/assets/js/faq.html]
[3.bp.blogspot.com/-G1o1NzoId5k/XMGL-pvEkhI/AAAAAAAAAsM/Ky4uDWhQSGkCWtTtpAVf_xKu051IEb6ygCKgBGAs/s1600/yes.png]
[www.squeeze-template.com/public/assets/css/updates.css]
[1.bp.blogspot.com/-AQcv8YEf1ys/W7l_NYaEnfI/AAAAAAAAAhY/TJZdgfXnJFUDEhKCItVqw3XKluw3exykQCK4BGAYYCw/s1600/icons.png]
[www.squeeze-template.com/public/assets/css/clients.css]
[4.bp.blogspot.com/-OVrh3TpsDqc/W6ps8CVDUTI/AAAAAAAAAeU/zr2JTewToCsRLr-GouZrr7cK_rNXdbCMgCK4BGAYYCw/s1600/no.png]
[2.bp.blogspot.com/-d_bZZFjJroE/W6ps5TmIuWI/AAAAAAAAAeM/vyu1791gZ_4cbmIASX16XmwvN8WWY1csACK4BGAYYCw/s1600/yes.png]
[www.squeeze-template.com/public/assets/css/free.css]
[www.squeeze-template.com/SqueezeFree.html]
[4.bp.blogspot.com/-h0WhmNAIeSg/XgZwVkbVlCI/AAAAAAAABBI/Kf_Wre07M24USj-m4ZSWvRZre6KS8D_uACK4BGAYYCw/s1600/merge (7).png]
[4.bp.blogspot.com/-Sd-zaWp7Jqs/Xgahn6l04EI/AAAAAAAABBU/8JFN3DQr74EgvwOOLBKNhl-M-2dPxb3FgCK4BGAYYCw/s1600/copy.png]
[www.squeeze-template.com/public/assets/css/merger.css]
[www.squeeze-template.com/public/assets/css/about.css]
[www.squeeze-template.com/public/assets/js/about.html]
[www.squeeze-template.com/public/assets/css/privacy.css]
[www.squeeze-template.com/contact.html]
[www.squeeze-template.com/public/assets/js/privacy.html]
